
> cobra-ai-frontend@1.0.0 build
> vite build

vite v4.5.14 building for production...
transforming...
✓ 3366 modules transformed.
Generated an empty chunk: "supabase".
[vite:terser] terser not found. Since Vite v3, terser has become an optional dependency. You need to install it.
✓ built in 22.00s
error during build:
Error: terser not found. Since Vite v3, terser has become an optional dependency. You need to install it.
    at loadTerserPath (file:///home/zero/Downloads/Cobra-AI-webapp%20(1)/Cobra-AI-webapp/node_modules/vite/dist/node/chunks/dep-827b23df.js:14347:19)
    at Object.renderChunk (file:///home/zero/Downloads/Cobra-AI-webapp%20(1)/Cobra-AI-webapp/node_modules/vite/dist/node/chunks/dep-827b23df.js:14383:32)
    at file:///home/zero/Downloads/Cobra-AI-webapp%20(1)/Cobra-AI-webapp/node_modules/rollup/dist/es/shared/node-entry.js:25544:40
    at process.processTicksAndRejections (node:internal/process/task_queues:95:5)
npm error Lifecycle script `build` failed with error:
npm error code 1
npm error path /home/zero/Downloads/Cobra-AI-webapp (1)/Cobra-AI-webapp/frontend
npm error workspace cobra-ai-frontend@1.0.0
npm error location /home/zero/Downloads/Cobra-AI-webapp (1)/Cobra-AI-webapp/frontend
npm error command failed
npm error command sh -c vite build
